// Jest Snapshot v1, https://goo.gl/fbAQLP

exports[`Picker.Panel time disabled columns 1`] = `
<div
  class="rc-picker-panel"
  tabindex="0"
>
  <div
    class="rc-picker-time-panel"
  >
    <div
      class="rc-picker-header"
    >
      <div
        class="rc-picker-header-view"
      >
        Â 
      </div>
    </div>
    <div
      class="rc-picker-content"
    >
      <ul
        class="rc-picker-time-panel-column"
        style="position: relative;"
      >
        <li
          class="rc-picker-time-panel-cell rc-picker-time-panel-cell-disabled"
        >
          <div
            class="rc-picker-time-panel-cell-inner"
          >
            00
          </div>
        </li>
        <li
          class="rc-picker-time-panel-cell rc-picker-time-panel-cell-disabled"
        >
          <div
            class="rc-picker-time-panel-cell-inner"
          >
            01
          </div>
        </li>
        <li
          class="rc-picker-time-panel-cell rc-picker-time-panel-cell-disabled"
        >
          <div
            class="rc-picker-time-panel-cell-inner"
          >
            02
          </div>
        </li>
        <li
          class="rc-picker-time-panel-cell rc-picker-time-panel-cell-disabled"
        >
          <div
            class="rc-picker-time-panel-cell-inner"
          >
            03
          </div>
        </li>
        <li
          class="rc-picker-time-panel-cell rc-picker-time-panel-cell-disabled"
        >
          <div
            class="rc-picker-time-panel-cell-inner"
          >
            04
          </div>
        </li>
        <li
          class="rc-picker-time-panel-cell rc-picker-time-panel-cell-disabled"
        >
          <div
            class="rc-picker-time-panel-cell-inner"
          >
            05
          </div>
        </li>
        <li
          class="rc-picker-time-panel-cell rc-picker-time-panel-cell-disabled"
        >
          <div
            class="rc-picker-time-panel-cell-inner"
          >
            06
          </div>
        </li>
        <li
          class="rc-picker-time-panel-cell rc-picker-time-panel-cell-disabled"
        >
          <div
            class="rc-picker-time-panel-cell-inner"
          >
            07
          </div>
        </li>
        <li
          class="rc-picker-time-panel-cell"
        >
          <div
            class="rc-picker-time-panel-cell-inner"
          >
            08
          </div>
        </li>
        <li
          class="rc-picker-time-panel-cell"
        >
          <div
            class="rc-picker-time-panel-cell-inner"
          >
            09
          </div>
        </li>
        <li
          class="rc-picker-time-panel-cell"
        >
          <div
            class="rc-picker-time-panel-cell-inner"
          >
            10
          </div>
        </li>
        <li
          class="rc-picker-time-panel-cell"
        >
          <div
            class="rc-picker-time-panel-cell-inner"
          >
            11
          </div>
        </li>
        <li
          class="rc-picker-time-panel-cell"
        >
          <div
            class="rc-picker-time-panel-cell-inner"
          >
            12
          </div>
        </li>
        <li
          class="rc-picker-time-panel-cell"
        >
          <div
            class="rc-picker-time-panel-cell-inner"
          >
            13
          </div>
        </li>
        <li
          class="rc-picker-time-panel-cell"
        >
          <div
            class="rc-picker-time-panel-cell-inner"
          >
            14
          </div>
        </li>
        <li
          class="rc-picker-time-panel-cell"
        >
          <div
            class="rc-picker-time-panel-cell-inner"
          >
            15
          </div>
        </li>
        <li
          class="rc-picker-time-panel-cell"
        >
          <div
            class="rc-picker-time-panel-cell-inner"
          >
            16
          </div>
        </li>
        <li
          class="rc-picker-time-panel-cell"
        >
          <div
            class="rc-picker-time-panel-cell-inner"
          >
            17
          </div>
        </li>
        <li
          class="rc-picker-time-panel-cell"
        >
          <div
            class="rc-picker-time-panel-cell-inner"
          >
            18
          </div>
        </li>
        <li
          class="rc-picker-time-panel-cell"
        >
          <div
            class="rc-picker-time-panel-cell-inner"
          >
            19
          </div>
        </li>
        <li
          class="rc-picker-time-panel-cell"
        >
          <div
            class="rc-picker-time-panel-cell-inner"
          >
            20
          </div>
        </li>
        <li
          class="rc-picker-time-panel-cell"
        >
          <div
            class="rc-picker-time-panel-cell-inner"
          >
            21
          </div>
        </li>
        <li
          class="rc-picker-time-panel-cell"
        >
          <div
            class="rc-picker-time-panel-cell-inner"
          >
            22
          </div>
        </li>
        <li
          class="rc-picker-time-panel-cell"
        >
          <div
            class="rc-picker-time-panel-cell-inner"
          >
            23
          </div>
        </li>
      </ul>
      <ul
        class="rc-picker-time-panel-column"
        style="position: relative;"
      >
        <li
          class="rc-picker-time-panel-cell"
        >
          <div
            class="rc-picker-time-panel-cell-inner"
          >
            00
          </div>
        </li>
        <li
          class="rc-picker-time-panel-cell"
        >
          <div
            class="rc-picker-time-panel-cell-inner"
          >
            01
          </div>
        </li>
        <li
          class="rc-picker-time-panel-cell rc-picker-time-panel-cell-disabled"
        >
          <div
            class="rc-picker-time-panel-cell-inner"
          >
            02
          </div>
        </li>
        <li
          class="rc-picker-time-panel-cell"
        >
          <div
            class="rc-picker-time-panel-cell-inner"
          >
            03
          </div>
        </li>
        <li
          class="rc-picker-time-panel-cell rc-picker-time-panel-cell-disabled"
        >
          <div
            class="rc-picker-time-panel-cell-inner"
          >
            04
          </div>
        </li>
        <li
          class="rc-picker-time-panel-cell"
        >
          <div
            class="rc-picker-time-panel-cell-inner"
          >
            05
          </div>
        </li>
        <li
          class="rc-picker-time-panel-cell rc-picker-time-panel-cell-disabled"
        >
          <div
            class="rc-picker-time-panel-cell-inner"
          >
            06
          </div>
        </li>
        <li
          class="rc-picker-time-panel-cell"
        >
          <div
            class="rc-picker-time-panel-cell-inner"
          >
            07
          </div>
        </li>
        <li
          class="rc-picker-time-panel-cell rc-picker-time-panel-cell-disabled"
        >
          <div
            class="rc-picker-time-panel-cell-inner"
          >
            08
          </div>
        </li>
        <li
          class="rc-picker-time-panel-cell"
        >
          <div
            class="rc-picker-time-panel-cell-inner"
          >
            09
          </div>
        </li>
        <li
          class="rc-picker-time-panel-cell rc-picker-time-panel-cell-disabled"
        >
          <div
            class="rc-picker-time-panel-cell-inner"
          >
            10
          </div>
        </li>
        <li
          class="rc-picker-time-panel-cell"
        >
          <div
            class="rc-picker-time-panel-cell-inner"
          >
            11
          </div>
        </li>
        <li
          class="rc-picker-time-panel-cell"
        >
          <div
            class="rc-picker-time-panel-cell-inner"
          >
            12
          </div>
        </li>
        <li
          class="rc-picker-time-panel-cell"
        >
          <div
            class="rc-picker-time-panel-cell-inner"
          >
            13
          </div>
        </li>
        <li
          class="rc-picker-time-panel-cell"
        >
          <div
            class="rc-picker-time-panel-cell-inner"
          >
            14
          </div>
        </li>
        <li
          class="rc-picker-time-panel-cell"
        >
          <div
            class="rc-picker-time-panel-cell-inner"
          >
            15
          </div>
        </li>
        <li
          class="rc-picker-time-panel-cell"
        >
          <div
            class="rc-picker-time-panel-cell-inner"
          >
            16
          </div>
        </li>
        <li
          class="rc-picker-time-panel-cell"
        >
          <div
            class="rc-picker-time-panel-cell-inner"
          >
            17
          </div>
        </li>
        <li
          class="rc-picker-time-panel-cell"
        >
          <div
            class="rc-picker-time-panel-cell-inner"
          >
            18
          </div>
        </li>
        <li
          class="rc-picker-time-panel-cell"
        >
          <div
            class="rc-picker-time-panel-cell-inner"
          >
            19
          </div>
        </li>
        <li
          class="rc-picker-time-panel-cell"
        >
          <div
            class="rc-picker-time-panel-cell-inner"
          >
            20
          </div>
        </li>
        <li
          class="rc-picker-time-panel-cell"
        >
          <div
            class="rc-picker-time-panel-cell-inner"
          >
            21
          </div>
        </li>
        <li
          class="rc-picker-time-panel-cell"
        >
          <div
            class="rc-picker-time-panel-cell-inner"
          >
            22
          </div>
        </li>
        <li
          class="rc-picker-time-panel-cell"
        >
          <div
            class="rc-picker-time-panel-cell-inner"
          >
            23
          </div>
        </li>
        <li
          class="rc-picker-time-panel-cell"
        >
          <div
            class="rc-picker-time-panel-cell-inner"
          >
            24
          </div>
        </li>
        <li
          class="rc-picker-time-panel-cell"
        >
          <div
            class="rc-picker-time-panel-cell-inner"
          >
            25
          </div>
        </li>
        <li
          class="rc-picker-time-panel-cell"
        >
          <div
            class="rc-picker-time-panel-cell-inner"
          >
            26
          </div>
        </li>
        <li
          class="rc-picker-time-panel-cell"
        >
          <div
            class="rc-picker-time-panel-cell-inner"
          >
            27
          </div>
        </li>
        <li
          class="rc-picker-time-panel-cell"
        >
          <div
            class="rc-picker-time-panel-cell-inner"
          >
            28
          </div>
        </li>
        <li
          class="rc-picker-time-panel-cell"
        >
          <div
            class="rc-picker-time-panel-cell-inner"
          >
            29
          </div>
        </li>
        <li
          class="rc-picker-time-panel-cell"
        >
          <div
            class="rc-picker-time-panel-cell-inner"
          >
            30
          </div>
        </li>
        <li
          class="rc-picker-time-panel-cell"
        >
          <div
            class="rc-picker-time-panel-cell-inner"
          >
            31
          </div>
        </li>
        <li
          class="rc-picker-time-panel-cell"
        >
          <div
            class="rc-picker-time-panel-cell-inner"
          >
            32
          </div>
        </li>
        <li
          class="rc-picker-time-panel-cell"
        >
          <div
            class="rc-picker-time-panel-cell-inner"
          >
            33
          </div>
        </li>
        <li
          class="rc-picker-time-panel-cell"
        >
          <div
            class="rc-picker-time-panel-cell-inner"
          >
            34
          </div>
        </li>
        <li
          class="rc-picker-time-panel-cell"
        >
          <div
            class="rc-picker-time-panel-cell-inner"
          >
            35
          </div>
        </li>
        <li
          class="rc-picker-time-panel-cell"
        >
          <div
            class="rc-picker-time-panel-cell-inner"
          >
            36
          </div>
        </li>
        <li
          class="rc-picker-time-panel-cell"
        >
          <div
            class="rc-picker-time-panel-cell-inner"
          >
            37
          </div>
        </li>
        <li
          class="rc-picker-time-panel-cell"
        >
          <div
            class="rc-picker-time-panel-cell-inner"
          >
            38
          </div>
        </li>
        <li
          class="rc-picker-time-panel-cell"
        >
          <div
            class="rc-picker-time-panel-cell-inner"
          >
            39
          </div>
        </li>
        <li
          class="rc-picker-time-panel-cell"
        >
          <div
            class="rc-picker-time-panel-cell-inner"
          >
            40
          </div>
        </li>
        <li
          class="rc-picker-time-panel-cell"
        >
          <div
            class="rc-picker-time-panel-cell-inner"
          >
            41
          </div>
        </li>
        <li
          class="rc-picker-time-panel-cell"
        >
          <div
            class="rc-picker-time-panel-cell-inner"
          >
            42
          </div>
        </li>
        <li
          class="rc-picker-time-panel-cell"
        >
          <div
            class="rc-picker-time-panel-cell-inner"
          >
            43
          </div>
        </li>
        <li
          class="rc-picker-time-panel-cell"
        >
          <div
            class="rc-picker-time-panel-cell-inner"
          >
            44
          </div>
        </li>
        <li
          class="rc-picker-time-panel-cell"
        >
          <div
            class="rc-picker-time-panel-cell-inner"
          >
            45
          </div>
        </li>
        <li
          class="rc-picker-time-panel-cell"
        >
          <div
            class="rc-picker-time-panel-cell-inner"
          >
            46
          </div>
        </li>
        <li
          class="rc-picker-time-panel-cell"
        >
          <div
            class="rc-picker-time-panel-cell-inner"
          >
            47
          </div>
        </li>
        <li
          class="rc-picker-time-panel-cell"
        >
          <div
            class="rc-picker-time-panel-cell-inner"
          >
            48
          </div>
        </li>
        <li
          class="rc-picker-time-panel-cell"
        >
          <div
            class="rc-picker-time-panel-cell-inner"
          >
            49
          </div>
        </li>
        <li
          class="rc-picker-time-panel-cell"
        >
          <div
            class="rc-picker-time-panel-cell-inner"
          >
            50
          </div>
        </li>
        <li
          class="rc-picker-time-panel-cell"
        >
          <div
            class="rc-picker-time-panel-cell-inner"
          >
            51
          </div>
        </li>
        <li
          class="rc-picker-time-panel-cell"
        >
          <div
            class="rc-picker-time-panel-cell-inner"
          >
            52
          </div>
        </li>
        <li
          class="rc-picker-time-panel-cell"
        >
          <div
            class="rc-picker-time-panel-cell-inner"
          >
            53
          </div>
        </li>
        <li
          class="rc-picker-time-panel-cell"
        >
          <div
            class="rc-picker-time-panel-cell-inner"
          >
            54
          </div>
        </li>
        <li
          class="rc-picker-time-panel-cell"
        >
          <div
            class="rc-picker-time-panel-cell-inner"
          >
            55
          </div>
        </li>
        <li
          class="rc-picker-time-panel-cell"
        >
          <div
            class="rc-picker-time-panel-cell-inner"
          >
            56
          </div>
        </li>
        <li
          class="rc-picker-time-panel-cell"
        >
          <div
            class="rc-picker-time-panel-cell-inner"
          >
            57
          </div>
        </li>
        <li
          class="rc-picker-time-panel-cell"
        >
          <div
            class="rc-picker-time-panel-cell-inner"
          >
            58
          </div>
        </li>
        <li
          class="rc-picker-time-panel-cell"
        >
          <div
            class="rc-picker-time-panel-cell-inner"
          >
            59
          </div>
        </li>
      </ul>
      <ul
        class="rc-picker-time-panel-column"
        style="position: relative;"
      >
        <li
          class="rc-picker-time-panel-cell"
        >
          <div
            class="rc-picker-time-panel-cell-inner"
          >
            00
          </div>
        </li>
        <li
          class="rc-picker-time-panel-cell"
        >
          <div
            class="rc-picker-time-panel-cell-inner"
          >
            01
          </div>
        </li>
        <li
          class="rc-picker-time-panel-cell"
        >
          <div
            class="rc-picker-time-panel-cell-inner"
          >
            02
          </div>
        </li>
        <li
          class="rc-picker-time-panel-cell"
        >
          <div
            class="rc-picker-time-panel-cell-inner"
          >
            03
          </div>
        </li>
        <li
          class="rc-picker-time-panel-cell"
        >
          <div
            class="rc-picker-time-panel-cell-inner"
          >
            04
          </div>
        </li>
        <li
          class="rc-picker-time-panel-cell"
        >
          <div
            class="rc-picker-time-panel-cell-inner"
          >
            05
          </div>
        </li>
        <li
          class="rc-picker-time-panel-cell"
        >
          <div
            class="rc-picker-time-panel-cell-inner"
          >
            06
          </div>
        </li>
        <li
          class="rc-picker-time-panel-cell"
        >
          <div
            class="rc-picker-time-panel-cell-inner"
          >
            07
          </div>
        </li>
        <li
          class="rc-picker-time-panel-cell"
        >
          <div
            class="rc-picker-time-panel-cell-inner"
          >
            08
          </div>
        </li>
        <li
          class="rc-picker-time-panel-cell"
        >
          <div
            class="rc-picker-time-panel-cell-inner"
          >
            09
          </div>
        </li>
        <li
          class="rc-picker-time-panel-cell rc-picker-time-panel-cell-disabled"
        >
          <div
            class="rc-picker-time-panel-cell-inner"
          >
            10
          </div>
        </li>
        <li
          class="rc-picker-time-panel-cell"
        >
          <div
            class="rc-picker-time-panel-cell-inner"
          >
            11
          </div>
        </li>
        <li
          class="rc-picker-time-panel-cell"
        >
          <div
            class="rc-picker-time-panel-cell-inner"
          >
            12
          </div>
        </li>
        <li
          class="rc-picker-time-panel-cell"
        >
          <div
            class="rc-picker-time-panel-cell-inner"
          >
            13
          </div>
        </li>
        <li
          class="rc-picker-time-panel-cell"
        >
          <div
            class="rc-picker-time-panel-cell-inner"
          >
            14
          </div>
        </li>
        <li
          class="rc-picker-time-panel-cell"
        >
          <div
            class="rc-picker-time-panel-cell-inner"
          >
            15
          </div>
        </li>
        <li
          class="rc-picker-time-panel-cell"
        >
          <div
            class="rc-picker-time-panel-cell-inner"
          >
            16
          </div>
        </li>
        <li
          class="rc-picker-time-panel-cell"
        >
          <div
            class="rc-picker-time-panel-cell-inner"
          >
            17
          </div>
        </li>
        <li
          class="rc-picker-time-panel-cell"
        >
          <div
            class="rc-picker-time-panel-cell-inner"
          >
            18
          </div>
        </li>
        <li
          class="rc-picker-time-panel-cell"
        >
          <div
            class="rc-picker-time-panel-cell-inner"
          >
            19
          </div>
        </li>
        <li
          class="rc-picker-time-panel-cell rc-picker-time-panel-cell-disabled"
        >
          <div
            class="rc-picker-time-panel-cell-inner"
          >
            20
          </div>
        </li>
        <li
          class="rc-picker-time-panel-cell"
        >
          <div
            class="rc-picker-time-panel-cell-inner"
          >
            21
          </div>
        </li>
        <li
          class="rc-picker-time-panel-cell"
        >
          <div
            class="rc-picker-time-panel-cell-inner"
          >
            22
          </div>
        </li>
        <li
          class="rc-picker-time-panel-cell"
        >
          <div
            class="rc-picker-time-panel-cell-inner"
          >
            23
          </div>
        </li>
        <li
          class="rc-picker-time-panel-cell"
        >
          <div
            class="rc-picker-time-panel-cell-inner"
          >
            24
          </div>
        </li>
        <li
          class="rc-picker-time-panel-cell"
        >
          <div
            class="rc-picker-time-panel-cell-inner"
          >
            25
          </div>
        </li>
        <li
          class="rc-picker-time-panel-cell"
        >
          <div
            class="rc-picker-time-panel-cell-inner"
          >
            26
          </div>
        </li>
        <li
          class="rc-picker-time-panel-cell"
        >
          <div
            class="rc-picker-time-panel-cell-inner"
          >
            27
          </div>
        </li>
        <li
          class="rc-picker-time-panel-cell"
        >
          <div
            class="rc-picker-time-panel-cell-inner"
          >
            28
          </div>
        </li>
        <li
          class="rc-picker-time-panel-cell"
        >
          <div
            class="rc-picker-time-panel-cell-inner"
          >
            29
          </div>
        </li>
        <li
          class="rc-picker-time-panel-cell rc-picker-time-panel-cell-disabled"
        >
          <div
            class="rc-picker-time-panel-cell-inner"
          >
            30
          </div>
        </li>
        <li
          class="rc-picker-time-panel-cell"
        >
          <div
            class="rc-picker-time-panel-cell-inner"
          >
            31
          </div>
        </li>
        <li
          class="rc-picker-time-panel-cell"
        >
          <div
            class="rc-picker-time-panel-cell-inner"
          >
            32
          </div>
        </li>
        <li
          class="rc-picker-time-panel-cell"
        >
          <div
            class="rc-picker-time-panel-cell-inner"
          >
            33
          </div>
        </li>
        <li
          class="rc-picker-time-panel-cell"
        >
          <div
            class="rc-picker-time-panel-cell-inner"
          >
            34
          </div>
        </li>
        <li
          class="rc-picker-time-panel-cell"
        >
          <div
            class="rc-picker-time-panel-cell-inner"
          >
            35
          </div>
        </li>
        <li
          class="rc-picker-time-panel-cell"
        >
          <div
            class="rc-picker-time-panel-cell-inner"
          >
            36
          </div>
        </li>
        <li
          class="rc-picker-time-panel-cell"
        >
          <div
            class="rc-picker-time-panel-cell-inner"
          >
            37
          </div>
        </li>
        <li
          class="rc-picker-time-panel-cell"
        >
          <div
            class="rc-picker-time-panel-cell-inner"
          >
            38
          </div>
        </li>
        <li
          class="rc-picker-time-panel-cell"
        >
          <div
            class="rc-picker-time-panel-cell-inner"
          >
            39
          </div>
        </li>
        <li
          class="rc-picker-time-panel-cell rc-picker-time-panel-cell-disabled"
        >
          <div
            class="rc-picker-time-panel-cell-inner"
          >
            40
          </div>
        </li>
        <li
          class="rc-picker-time-panel-cell"
        >
          <div
            class="rc-picker-time-panel-cell-inner"
          >
            41
          </div>
        </li>
        <li
          class="rc-picker-time-panel-cell"
        >
          <div
            class="rc-picker-time-panel-cell-inner"
          >
            42
          </div>
        </li>
        <li
          class="rc-picker-time-panel-cell"
        >
          <div
            class="rc-picker-time-panel-cell-inner"
          >
            43
          </div>
        </li>
        <li
          class="rc-picker-time-panel-cell"
        >
          <div
            class="rc-picker-time-panel-cell-inner"
          >
            44
          </div>
        </li>
        <li
          class="rc-picker-time-panel-cell"
        >
          <div
            class="rc-picker-time-panel-cell-inner"
          >
            45
          </div>
        </li>
        <li
          class="rc-picker-time-panel-cell"
        >
          <div
            class="rc-picker-time-panel-cell-inner"
          >
            46
          </div>
        </li>
        <li
          class="rc-picker-time-panel-cell"
        >
          <div
            class="rc-picker-time-panel-cell-inner"
          >
            47
          </div>
        </li>
        <li
          class="rc-picker-time-panel-cell"
        >
          <div
            class="rc-picker-time-panel-cell-inner"
          >
            48
          </div>
        </li>
        <li
          class="rc-picker-time-panel-cell"
        >
          <div
            class="rc-picker-time-panel-cell-inner"
          >
            49
          </div>
        </li>
        <li
          class="rc-picker-time-panel-cell rc-picker-time-panel-cell-disabled"
        >
          <div
            class="rc-picker-time-panel-cell-inner"
          >
            50
          </div>
        </li>
        <li
          class="rc-picker-time-panel-cell"
        >
          <div
            class="rc-picker-time-panel-cell-inner"
          >
            51
          </div>
        </li>
        <li
          class="rc-picker-time-panel-cell"
        >
          <div
            class="rc-picker-time-panel-cell-inner"
          >
            52
          </div>
        </li>
        <li
          class="rc-picker-time-panel-cell"
        >
          <div
            class="rc-picker-time-panel-cell-inner"
          >
            53
          </div>
        </li>
        <li
          class="rc-picker-time-panel-cell"
        >
          <div
            class="rc-picker-time-panel-cell-inner"
          >
            54
          </div>
        </li>
        <li
          class="rc-picker-time-panel-cell"
        >
          <div
            class="rc-picker-time-panel-cell-inner"
          >
            55
          </div>
        </li>
        <li
          class="rc-picker-time-panel-cell"
        >
          <div
            class="rc-picker-time-panel-cell-inner"
          >
            56
          </div>
        </li>
        <li
          class="rc-picker-time-panel-cell"
        >
          <div
            class="rc-picker-time-panel-cell-inner"
          >
            57
          </div>
        </li>
        <li
          class="rc-picker-time-panel-cell"
        >
          <div
            class="rc-picker-time-panel-cell-inner"
          >
            58
          </div>
        </li>
        <li
          class="rc-picker-time-panel-cell"
        >
          <div
            class="rc-picker-time-panel-cell-inner"
          >
            59
          </div>
        </li>
      </ul>
    </div>
  </div>
</div>
`;
